// Jest Snapshot v1, https://goo.gl/fbAQLP

exports[`should render Favorites Component properly 1`] = `
<div
  class="favorites-container"
>
  <h2
    class="favorites-header"
  >
    Favorite Beers
  </h2>
  <div
    class="favorites-collapsible "
  >
    <p
      class="favorites-caption"
    >
      You don't have any favorites yet
    </p>
  </div>
  <svg
    class="favorites-icon false"
    viewBox="0 0 20 20"
  >
    <path
      d="M19 6.25l-1.5-1.5-7.5 7.5-7.5-7.5L1 6.25l9 9 9-9z"
    />
  </svg>
</div>
`;
